<!DOCTYPE html>
<html lang="en">
<head>
  <meta charset="utf-8">
<!-- type.cpp -->
  <title>Test</title>
</head>
<body>
<div class="sidebar"><div class="sidebar-content" id="sidebar-content"></div></div>
<span class="subtitle"></span>
<!-- $$$QDoc.Test-description -->
<div class="descr"> <a name="details"></a>
</div>
<!-- @@@QDoc.Test -->
</body>
</html>
